// Jest Snapshot v1, https://goo.gl/fbAQLP

exports[`Todolist Renders correctly 1`] = `
Object {
  "asFragment": [Function],
  "baseElement": <body>
    <div>
      <div>
        <div
          class="sc-htpNat hIjJNZ"
        >
          <button
            id="todo-toggle"
          >
            <svg
              class="sc-bwzfXH krgfXf"
              id="todo-active"
            >
              cross.svg
            </svg>
          </button>
          <p>
            Tee tämä appi valmiiksi
          </p>
          <button
            id="todo-remove"
          >
            X
          </button>
        </div>
        <div
          class="sc-htpNat hIjJNZ"
        >
          <button
            id="todo-toggle"
          >
            <svg
              class="sc-bwzfXH krgfXf"
              id="todo-active"
            >
              cross.svg
            </svg>
          </button>
          <p>
            Ja myös testit!
          </p>
          <button
            id="todo-remove"
          >
            X
          </button>
        </div>
      </div>
    </div>
  </body>,
  "container": <div>
    <div>
      <div
        class="sc-htpNat hIjJNZ"
      >
        <button
          id="todo-toggle"
        >
          <svg
            class="sc-bwzfXH krgfXf"
            id="todo-active"
          >
            cross.svg
          </svg>
        </button>
        <p>
          Tee tämä appi valmiiksi
        </p>
        <button
          id="todo-remove"
        >
          X
        </button>
      </div>
      <div
        class="sc-htpNat hIjJNZ"
      >
        <button
          id="todo-toggle"
        >
          <svg
            class="sc-bwzfXH krgfXf"
            id="todo-active"
          >
            cross.svg
          </svg>
        </button>
        <p>
          Ja myös testit!
        </p>
        <button
          id="todo-remove"
        >
          X
        </button>
      </div>
    </div>
  </div>,
  "debug": [Function],
  "findAllByAltText": [Function],
  "findAllByDisplayValue": [Function],
  "findAllByLabelText": [Function],
  "findAllByPlaceholderText": [Function],
  "findAllByRole": [Function],
  "findAllByTestId": [Function],
  "findAllByText": [Function],
  "findAllByTitle": [Function],
  "findByAltText": [Function],
  "findByDisplayValue": [Function],
  "findByLabelText": [Function],
  "findByPlaceholderText": [Function],
  "findByRole": [Function],
  "findByTestId": [Function],
  "findByText": [Function],
  "findByTitle": [Function],
  "getAllByAltText": [Function],
  "getAllByDisplayValue": [Function],
  "getAllByLabelText": [Function],
  "getAllByPlaceholderText": [Function],
  "getAllByRole": [Function],
  "getAllByTestId": [Function],
  "getAllByText": [Function],
  "getAllByTitle": [Function],
  "getByAltText": [Function],
  "getByDisplayValue": [Function],
  "getByLabelText": [Function],
  "getByPlaceholderText": [Function],
  "getByRole": [Function],
  "getByTestId": [Function],
  "getByText": [Function],
  "getByTitle": [Function],
  "queryAllByAltText": [Function],
  "queryAllByDisplayValue": [Function],
  "queryAllByLabelText": [Function],
  "queryAllByPlaceholderText": [Function],
  "queryAllByRole": [Function],
  "queryAllByTestId": [Function],
  "queryAllByText": [Function],
  "queryAllByTitle": [Function],
  "queryByAltText": [Function],
  "queryByDisplayValue": [Function],
  "queryByLabelText": [Function],
  "queryByPlaceholderText": [Function],
  "queryByRole": [Function],
  "queryByTestId": [Function],
  "queryByText": [Function],
  "queryByTitle": [Function],
  "rerender": [Function],
  "unmount": [Function],
}
`;
